kotlin version: 2.1.0
error message: java.lang.OutOfMemoryError: GC overhead limit exceeded
	at java.base/java.util.ArrayList.iterator(ArrayList.java:947)
	at org.jetbrains.kotlin.fir.backend.Fir2IrDeclarationStorage.putParametersInScope(Fir2IrDeclarationStorage.kt:431)
	at org.jetbrains.kotlin.fir.backend.generators.ClassMemberGenerator.convertFunctionContent(ClassMemberGenerator.kt:110)
	at org.jetbrains.kotlin.fir.backend.generators.ClassMemberGenerator.setPropertyAccessorContent(ClassMemberGenerator.kt:305)
	at org.jetbrains.kotlin.fir.backend.generators.ClassMemberGenerator.convertPropertyContent(ClassMemberGenerator.kt:243)
	at org.jetbrains.kotlin.fir.backend.Fir2IrVisitor.visitProperty(Fir2IrVisitor.kt:516)
	at org.jetbrains.kotlin.fir.backend.Fir2IrVisitor.visitProperty(Fir2IrVisitor.kt:65)
	at org.jetbrains.kotlin.fir.declarations.FirProperty.accept(FirProperty.kt:58)
	at org.jetbrains.kotlin.fir.backend.generators.ClassMemberGenerator.convertClassContent(ClassMemberGenerator.kt:91)
	at org.jetbrains.kotlin.fir.backend.Fir2IrVisitor.visitRegularClass(Fir2IrVisitor.kt:209)
	at org.jetbrains.kotlin.fir.backend.Fir2IrVisitor.visitRegularClass(Fir2IrVisitor.kt:65)
	at org.jetbrains.kotlin.fir.declarations.FirRegularClass.accept(FirRegularClass.kt:48)
	at org.jetbrains.kotlin.fir.backend.Fir2IrVisitor.toIrDeclaration(Fir2IrVisitor.kt:118)
	at org.jetbrains.kotlin.fir.backend.Fir2IrVisitor.visitFile(Fir2IrVisitor.kt:109)
	at org.jetbrains.kotlin.fir.backend.Fir2IrVisitor.visitFile(Fir2IrVisitor.kt:65)
	at org.jetbrains.kotlin.fir.declarations.FirFile.accept(FirFile.kt:42)
	at org.jetbrains.kotlin.fir.backend.Fir2IrConverter.runSourcesConversion(Fir2IrConverter.kt:100)
	at org.jetbrains.kotlin.fir.backend.Fir2IrConverter.access$runSourcesConversion(Fir2IrConverter.kt:64)
	at org.jetbrains.kotlin.fir.backend.Fir2IrConverter$Companion.generateIrModuleFragment(Fir2IrConverter.kt:667)
	at org.jetbrains.kotlin.fir.pipeline.Fir2IrPipeline.runFir2IrConversion(convertToIr.kt:162)
	at org.jetbrains.kotlin.fir.pipeline.Fir2IrPipeline.convertToIrAndActualize(convertToIr.kt:129)
	at org.jetbrains.kotlin.fir.pipeline.ConvertToIrKt.convertToIrAndActualize(convertToIr.kt:100)
	at org.jetbrains.kotlin.fir.pipeline.ConvertToIrKt.convertToIrAndActualize$default(convertToIr.kt:75)
	at org.jetbrains.kotlin.cli.jvm.compiler.pipeline.JvmCompilerPipelineKt.convertToIrAndActualizeForJvm(jvmCompilerPipeline.kt:134)
	at org.jetbrains.kotlin.cli.jvm.compiler.pipeline.JvmCompilerPipelineKt.convertAnalyzedFirToIr(jvmCompilerPipeline.kt:107)
	at org.jetbrains.kotlin.cli.jvm.compiler.pipeline.JvmCompilerPipelineKt.runBackend(jvmCompilerPipeline.kt:73)
	at org.jetbrains.kotlin.cli.jvm.compiler.pipeline.JvmCompilerPipelineLightTreeKt.compileModule(jvmCompilerPipelineLightTree.kt:264)
	at org.jetbrains.kotlin.cli.jvm.compiler.pipeline.JvmCompilerPipelineLightTreeKt.compileSingleModuleUsingFrontendIrAndLightTree(jvmCompilerPipelineLightTree.kt:231)
	at org.jetbrains.kotlin.cli.jvm.compiler.pipeline.JvmCompilerPipelineLightTreeKt.compileModulesUsingFrontendIrAndLightTree(jvmCompilerPipelineLightTree.kt:86)
	at org.jetbrains.kotlin.cli.jvm.K2JVMCompiler.doExecute(K2JVMCompiler.kt:146)
	at org.jetbrains.kotlin.cli.jvm.K2JVMCompiler.doExecute(K2JVMCompiler.kt:43)
	at org.jetbrains.kotlin.cli.common.CLICompiler.execImpl(CLICompiler.kt:102)


